2025-10-30 08:31:02 - INFO: テストログメッセージ
2025-10-30 08:31:02 - ERROR: テストエラーメッセージ
